ERROR - 2024-10-11 22:51:27 --> mysqli_sql_exception: MySQL server has gone away in C:\xampp\htdocs\ProyectoWC\system\Database\MySQLi\Connection.php:312
Stack trace:
#0 C:\xampp\htdocs\ProyectoWC\system\Database\MySQLi\Connection.php(312): mysqli->query('SELECT *\nFROM `...', 0)
#1 C:\xampp\htdocs\ProyectoWC\system\Database\BaseConnection.php(734): CodeIgniter\Database\MySQLi\Connection->execute('SELECT *\nFROM `...')
#2 C:\xampp\htdocs\ProyectoWC\system\Database\BaseConnection.php(648): CodeIgniter\Database\BaseConnection->simpleQuery('SELECT *\nFROM `...')
#3 C:\xampp\htdocs\ProyectoWC\system\Database\BaseBuilder.php(1644): CodeIgniter\Database\BaseConnection->query('SELECT *\nFROM `...', Array, false)
#4 C:\xampp\htdocs\ProyectoWC\app\Models\TallerModel.php(21): CodeIgniter\Database\BaseBuilder->get()
#5 C:\xampp\htdocs\ProyectoWC\app\Controllers\TallerCrud.php(44): App\Models\TallerModel->verificarUsuario('Fcanut')
#6 C:\xampp\htdocs\ProyectoWC\system\CodeIgniter.php(933): App\Controllers\TallerCrud->login()
#7 C:\xampp\htdocs\ProyectoWC\system\CodeIgniter.php(509): CodeIgniter\CodeIgniter->runController(Object(App\Controllers\TallerCrud))
#8 C:\xampp\htdocs\ProyectoWC\system\CodeIgniter.php(355): CodeIgniter\CodeIgniter->handleRequest(NULL, Object(Config\Cache), false)
#9 C:\xampp\htdocs\ProyectoWC\system\Boot.php(325): CodeIgniter\CodeIgniter->run()
#10 C:\xampp\htdocs\ProyectoWC\system\Boot.php(67): CodeIgniter\Boot::runCodeIgniter(Object(CodeIgniter\CodeIgniter))
#11 C:\xampp\htdocs\ProyectoWC\public\index.php(56): CodeIgniter\Boot::bootWeb(Object(Config\Paths))
#12 {main}
CRITICAL - 2024-10-11 22:51:27 --> CodeIgniter\Database\Exceptions\DatabaseException: MySQL server has gone away
[Method: POST, Route: login-chek]
in SYSTEMPATH\Database\BaseConnection.php on line 688.
 1 SYSTEMPATH\Database\BaseBuilder.php(1644): CodeIgniter\Database\BaseConnection->query('SELECT *
FROM `tbl_usuarios`
WHERE `Usuario_Asignado` = :Usuario_Asignado:', [...], false)
 2 APPPATH\Models\TallerModel.php(21): CodeIgniter\Database\BaseBuilder->get()
 3 APPPATH\Controllers\TallerCrud.php(44): App\Models\TallerModel->verificarUsuario('Fcanut')
 4 SYSTEMPATH\CodeIgniter.php(933): App\Controllers\TallerCrud->login()
 5 SYSTEMPATH\CodeIgniter.php(509): CodeIgniter\CodeIgniter->runController(Object(App\Controllers\TallerCrud))
 6 SYSTEMPATH\CodeIgniter.php(355): CodeIgniter\CodeIgniter->handleRequest(null, Object(Config\Cache), false)
 7 SYSTEMPATH\Boot.php(325): CodeIgniter\CodeIgniter->run()
 8 SYSTEMPATH\Boot.php(67): CodeIgniter\Boot::runCodeIgniter(Object(CodeIgniter\CodeIgniter))
 9 FCPATH\index.php(56): CodeIgniter\Boot::bootWeb(Object(Config\Paths))
CRITICAL - 2024-10-11 22:51:27 --> [Caused by] CodeIgniter\Database\Exceptions\DatabaseException: MySQL server has gone away
in SYSTEMPATH\Database\MySQLi\Connection.php on line 317.
 1 SYSTEMPATH\Database\BaseConnection.php(734): CodeIgniter\Database\MySQLi\Connection->execute('SELECT *
FROM `tbl_usuarios`
WHERE `Usuario_Asignado` = \'Fcanut\'')
 2 SYSTEMPATH\Database\BaseConnection.php(648): CodeIgniter\Database\BaseConnection->simpleQuery('SELECT *
FROM `tbl_usuarios`
WHERE `Usuario_Asignado` = \'Fcanut\'')
 3 SYSTEMPATH\Database\BaseBuilder.php(1644): CodeIgniter\Database\BaseConnection->query('SELECT *
FROM `tbl_usuarios`
WHERE `Usuario_Asignado` = :Usuario_Asignado:', [...], false)
 4 APPPATH\Models\TallerModel.php(21): CodeIgniter\Database\BaseBuilder->get()
 5 APPPATH\Controllers\TallerCrud.php(44): App\Models\TallerModel->verificarUsuario('Fcanut')
 6 SYSTEMPATH\CodeIgniter.php(933): App\Controllers\TallerCrud->login()
 7 SYSTEMPATH\CodeIgniter.php(509): CodeIgniter\CodeIgniter->runController(Object(App\Controllers\TallerCrud))
 8 SYSTEMPATH\CodeIgniter.php(355): CodeIgniter\CodeIgniter->handleRequest(null, Object(Config\Cache), false)
 9 SYSTEMPATH\Boot.php(325): CodeIgniter\CodeIgniter->run()
10 SYSTEMPATH\Boot.php(67): CodeIgniter\Boot::runCodeIgniter(Object(CodeIgniter\CodeIgniter))
11 FCPATH\index.php(56): CodeIgniter\Boot::bootWeb(Object(Config\Paths))
CRITICAL - 2024-10-11 22:51:27 --> [Caused by] mysqli_sql_exception: MySQL server has gone away
in SYSTEMPATH\Database\MySQLi\Connection.php on line 312.
 1 SYSTEMPATH\Database\MySQLi\Connection.php(312): mysqli->query('SELECT *
FROM `tbl_usuarios`
WHERE `Usuario_Asignado` = \'Fcanut\'', 0)
 2 SYSTEMPATH\Database\BaseConnection.php(734): CodeIgniter\Database\MySQLi\Connection->execute('SELECT *
FROM `tbl_usuarios`
WHERE `Usuario_Asignado` = \'Fcanut\'')
 3 SYSTEMPATH\Database\BaseConnection.php(648): CodeIgniter\Database\BaseConnection->simpleQuery('SELECT *
FROM `tbl_usuarios`
WHERE `Usuario_Asignado` = \'Fcanut\'')
 4 SYSTEMPATH\Database\BaseBuilder.php(1644): CodeIgniter\Database\BaseConnection->query('SELECT *
FROM `tbl_usuarios`
WHERE `Usuario_Asignado` = :Usuario_Asignado:', [...], false)
 5 APPPATH\Models\TallerModel.php(21): CodeIgniter\Database\BaseBuilder->get()
 6 APPPATH\Controllers\TallerCrud.php(44): App\Models\TallerModel->verificarUsuario('Fcanut')
 7 SYSTEMPATH\CodeIgniter.php(933): App\Controllers\TallerCrud->login()
 8 SYSTEMPATH\CodeIgniter.php(509): CodeIgniter\CodeIgniter->runController(Object(App\Controllers\TallerCrud))
 9 SYSTEMPATH\CodeIgniter.php(355): CodeIgniter\CodeIgniter->handleRequest(null, Object(Config\Cache), false)
10 SYSTEMPATH\Boot.php(325): CodeIgniter\CodeIgniter->run()
11 SYSTEMPATH\Boot.php(67): CodeIgniter\Boot::runCodeIgniter(Object(CodeIgniter\CodeIgniter))
12 FCPATH\index.php(56): CodeIgniter\Boot::bootWeb(Object(Config\Paths))
ERROR - 2024-10-11 22:51:39 --> Error connecting to the database: mysqli_sql_exception: No se puede establecer una conexión ya que el equipo de destino denegó expresamente dicha conexión in C:\xampp\htdocs\ProyectoWC\system\Database\MySQLi\Connection.php:186
Stack trace:
#0 C:\xampp\htdocs\ProyectoWC\system\Database\MySQLi\Connection.php(186): mysqli->real_connect('localhost', 'root', Object(SensitiveParameterValue), 'taller_wc', 3306, '', 0)
#1 C:\xampp\htdocs\ProyectoWC\system\Database\BaseConnection.php(421): CodeIgniter\Database\MySQLi\Connection->connect(false)
#2 C:\xampp\htdocs\ProyectoWC\system\Database\BaseConnection.php(616): CodeIgniter\Database\BaseConnection->initialize()
#3 C:\xampp\htdocs\ProyectoWC\system\Database\BaseBuilder.php(1644): CodeIgniter\Database\BaseConnection->query('SELECT *\nFROM `...', Array, false)
#4 C:\xampp\htdocs\ProyectoWC\app\Models\TallerModel.php(21): CodeIgniter\Database\BaseBuilder->get()
#5 C:\xampp\htdocs\ProyectoWC\app\Controllers\TallerCrud.php(44): App\Models\TallerModel->verificarUsuario('Fcanut')
#6 C:\xampp\htdocs\ProyectoWC\system\CodeIgniter.php(933): App\Controllers\TallerCrud->login()
#7 C:\xampp\htdocs\ProyectoWC\system\CodeIgniter.php(509): CodeIgniter\CodeIgniter->runController(Object(App\Controllers\TallerCrud))
#8 C:\xampp\htdocs\ProyectoWC\system\CodeIgniter.php(355): CodeIgniter\CodeIgniter->handleRequest(NULL, Object(Config\Cache), false)
#9 C:\xampp\htdocs\ProyectoWC\system\Boot.php(325): CodeIgniter\CodeIgniter->run()
#10 C:\xampp\htdocs\ProyectoWC\system\Boot.php(67): CodeIgniter\Boot::runCodeIgniter(Object(CodeIgniter\CodeIgniter))
#11 C:\xampp\htdocs\ProyectoWC\public\index.php(56): CodeIgniter\Boot::bootWeb(Object(Config\Paths))
#12 {main}

Next CodeIgniter\Database\Exceptions\DatabaseException: No se puede establecer una conexión ya que el equipo de destino denegó expresamente dicha conexión in C:\xampp\htdocs\ProyectoWC\system\Database\MySQLi\Connection.php:231
Stack trace:
#0 C:\xampp\htdocs\ProyectoWC\system\Database\BaseConnection.php(421): CodeIgniter\Database\MySQLi\Connection->connect(false)
#1 C:\xampp\htdocs\ProyectoWC\system\Database\BaseConnection.php(616): CodeIgniter\Database\BaseConnection->initialize()
#2 C:\xampp\htdocs\ProyectoWC\system\Database\BaseBuilder.php(1644): CodeIgniter\Database\BaseConnection->query('SELECT *\nFROM `...', Array, false)
#3 C:\xampp\htdocs\ProyectoWC\app\Models\TallerModel.php(21): CodeIgniter\Database\BaseBuilder->get()
#4 C:\xampp\htdocs\ProyectoWC\app\Controllers\TallerCrud.php(44): App\Models\TallerModel->verificarUsuario('Fcanut')
#5 C:\xampp\htdocs\ProyectoWC\system\CodeIgniter.php(933): App\Controllers\TallerCrud->login()
#6 C:\xampp\htdocs\ProyectoWC\system\CodeIgniter.php(509): CodeIgniter\CodeIgniter->runController(Object(App\Controllers\TallerCrud))
#7 C:\xampp\htdocs\ProyectoWC\system\CodeIgniter.php(355): CodeIgniter\CodeIgniter->handleRequest(NULL, Object(Config\Cache), false)
#8 C:\xampp\htdocs\ProyectoWC\system\Boot.php(325): CodeIgniter\CodeIgniter->run()
#9 C:\xampp\htdocs\ProyectoWC\system\Boot.php(67): CodeIgniter\Boot::runCodeIgniter(Object(CodeIgniter\CodeIgniter))
#10 C:\xampp\htdocs\ProyectoWC\public\index.php(56): CodeIgniter\Boot::bootWeb(Object(Config\Paths))
#11 {main}
CRITICAL - 2024-10-11 22:51:39 --> CodeIgniter\Database\Exceptions\DatabaseException: Unable to connect to the database.
Main connection [MySQLi]: No se puede establecer una conexión ya que el equipo de destino denegó expresamente dicha conexión
[Method: POST, Route: login-chek]
in SYSTEMPATH\Database\BaseConnection.php on line 467.
 1 SYSTEMPATH\Database\BaseConnection.php(616): CodeIgniter\Database\BaseConnection->initialize()
 2 SYSTEMPATH\Database\BaseBuilder.php(1644): CodeIgniter\Database\BaseConnection->query('SELECT *
FROM `tbl_usuarios`
WHERE `Usuario_Asignado` = :Usuario_Asignado:', [...], false)
 3 APPPATH\Models\TallerModel.php(21): CodeIgniter\Database\BaseBuilder->get()
 4 APPPATH\Controllers\TallerCrud.php(44): App\Models\TallerModel->verificarUsuario('Fcanut')
 5 SYSTEMPATH\CodeIgniter.php(933): App\Controllers\TallerCrud->login()
 6 SYSTEMPATH\CodeIgniter.php(509): CodeIgniter\CodeIgniter->runController(Object(App\Controllers\TallerCrud))
 7 SYSTEMPATH\CodeIgniter.php(355): CodeIgniter\CodeIgniter->handleRequest(null, Object(Config\Cache), false)
 8 SYSTEMPATH\Boot.php(325): CodeIgniter\CodeIgniter->run()
 9 SYSTEMPATH\Boot.php(67): CodeIgniter\Boot::runCodeIgniter(Object(CodeIgniter\CodeIgniter))
10 FCPATH\index.php(56): CodeIgniter\Boot::bootWeb(Object(Config\Paths))
